// Jest Snapshot v1, https://goo.gl/fbAQLP

exports[`login container tests renders correctly 1`] = `ShallowWrapper {}`;
