// Jest Snapshot v1, https://goo.gl/fbAQLP

exports[`Product container tests renders correctly 1`] = `ShallowWrapper {}`;
